../../Middlewares/ST/touchgfx/framework/include/touchgfx/Screen.hpp:104:18:virtual void touchgfx::Screen::afterTransition()	0	static
../../Middlewares/ST/touchgfx/framework/include/touchgfx/Screen.hpp:154:18:virtual void touchgfx::Screen::handleKeyEvent(uint8_t)	0	static
C:/TouchGFXProjects/BanTrung/TouchGFX/gui/src/screen2_screen/Screen2View.cpp:232:6:virtual void Screen2View::tearDownScreen()	0	static
../../TouchGFX/gui/include/gui/screen2_screen/Screen2View.hpp:69:13:Screen2View::~Screen2View()	16	static
../../TouchGFX/gui/include/gui/screen2_screen/Screen2View.hpp:69:13:virtual Screen2View::~Screen2View()	8	static
../../TouchGFX/gui/include/gui/screen2_screen/Screen2View.hpp:86:10:void Screen2View::reset_bfs()	8	static
C:/TouchGFXProjects/BanTrung/TouchGFX/gui/src/screen2_screen/Screen2View.cpp:13:10:uint32_t xorshift32()	8	static
C:/TouchGFXProjects/BanTrung/TouchGFX/gui/src/screen2_screen/Screen2View.cpp:72:1:Screen2View::Screen2View()	24	static
C:/TouchGFXProjects/BanTrung/TouchGFX/gui/src/screen2_screen/Screen2View.cpp:77:6:void Screen2View::init_circle(touchgfx::Circle&, int, int, const touchgfx::PainterRGB565&)	16	static
C:/TouchGFXProjects/BanTrung/TouchGFX/gui/src/screen2_screen/Screen2View.cpp:93:6:void Screen2View::add_queue(int, int, int, int, bool)	20	static
C:/TouchGFXProjects/BanTrung/TouchGFX/gui/src/screen2_screen/Screen2View.cpp:108:5:int Screen2View::bfs1(int, int)	56	static
C:/TouchGFXProjects/BanTrung/TouchGFX/gui/src/screen2_screen/Screen2View.cpp:139:6:void Screen2View::bfs2()	64	static
C:/TouchGFXProjects/BanTrung/TouchGFX/gui/src/screen2_screen/Screen2View.cpp:184:6:void Screen2View::fall_down(touchgfx::Circle&)	0	static
C:/TouchGFXProjects/BanTrung/TouchGFX/gui/src/screen2_screen/Screen2View.cpp:194:6:virtual void Screen2View::setupScreen()	72	static
C:/TouchGFXProjects/BanTrung/TouchGFX/gui/src/screen2_screen/Screen2View.cpp:237:6:virtual void Screen2View::tickEvent()	104	static
