C:/TouchGFXProjects/BanTrung/Core/Src/main.c:1200:13:SPI5_Write	16	static
C:/TouchGFXProjects/BanTrung/Core/Src/main.c:182:6:tone	24	static
C:/TouchGFXProjects/BanTrung/Core/Src/main.c:200:6:toneLow	24	static
C:/TouchGFXProjects/BanTrung/Core/Src/main.c:218:6:noTone	0	static
C:/TouchGFXProjects/BanTrung/Core/Src/main.c:222:6:playOpeningSound	48	static
C:/TouchGFXProjects/BanTrung/Core/Src/main.c:236:6:playLostSound	32	static
C:/TouchGFXProjects/BanTrung/Core/Src/main.c:247:6:playExplosionSound	16	static
C:/TouchGFXProjects/BanTrung/Core/Src/main.c:1312:6:StartDefaultTask	24	static
C:/TouchGFXProjects/BanTrung/Core/Src/main.c:452:6:SystemClock_Config	96	static
C:/TouchGFXProjects/BanTrung/Core/Src/main.c:354:5:main	160	static
C:/TouchGFXProjects/BanTrung/Core/Src/main.c:1044:6:IOE_Init	0	static
C:/TouchGFXProjects/BanTrung/Core/Src/main.c:1053:6:IOE_ITConfig	0	static
C:/TouchGFXProjects/BanTrung/Core/Src/main.c:1065:6:IOE_Write	32	static
C:/TouchGFXProjects/BanTrung/Core/Src/main.c:1076:9:IOE_Read	32	static
C:/TouchGFXProjects/BanTrung/Core/Src/main.c:1089:10:IOE_ReadMultiple	24	static
C:/TouchGFXProjects/BanTrung/Core/Src/main.c:1098:6:IOE_Delay	0	static
C:/TouchGFXProjects/BanTrung/Core/Src/main.c:1226:6:LCD_IO_Init	8	static
C:/TouchGFXProjects/BanTrung/Core/Src/main.c:1236:6:LCD_IO_WriteData	16	static
C:/TouchGFXProjects/BanTrung/Core/Src/main.c:1252:6:LCD_IO_WriteReg	16	static
C:/TouchGFXProjects/BanTrung/Core/Src/main.c:1271:10:LCD_IO_ReadData	32	static
C:/TouchGFXProjects/BanTrung/Core/Src/main.c:1298:6:LCD_Delay	0	static
C:/TouchGFXProjects/BanTrung/Core/Src/main.c:1359:6:HAL_TIM_PeriodElapsedCallback	0	static
C:/TouchGFXProjects/BanTrung/Core/Src/main.c:1377:6:Error_Handler	0	static
